														     ___                                                                                                                 
							                                                         ___/   \___                                                                                                           
													   _____/           \_____                                                                                                     
											             _____/                       \_____                                                                                               
                                                                                               _____/                                   \_____                                                                                         
										         _____/                                               \_____                                                                                      
										     ___/                                                           \___                                                                                  
					                                         ___/                                                                   \___                                                                         
                                                                             ___/                                                                           \___
                                                                         ___/                                                                                   \___
                                                                     ___/                                                                                           \___
                                                                 ___/                                                                                                   \___
                                                             ___/                                                                                                           \___
                                                         ___/                                                                                                                   \___
                                                     ___/                                                                                                                           \___
                                                 ___/                                                                                                                                   \___
                                             ___/                                                                                                                                           \___
                                             \                                                                                                                                                 /
                                               \                                                                                                                                             /
                                                 \                                                                                                                                         /
                                                   \                                                                                                                                     /
                                                     \                                                                                                                                 /
                                                       \                                                                                                                             /
                                                         \                                                                                                                         /
                                                           \                                                                                                                     / 
                                                             \                                                                                                                 /
                                                               \                                                                                                             /
                                                                 \                                                                                                         /
                                                                   \                                                                                                     /
                                                                     \                                               [ ]                                               /
								       \				          / /   \ \                                          /
									 \       			        / /       \ \                                      /								
								           \				      / /           \ \                                  /
									     \				    / /               \ \                              /
                                                                               \                          / /                   \ \                          /
                                                                                 \                      / /                       \ \                      /
                                                                                   \                  / /                           \ \                  /
										     \              / /                               \ \              /
                                                                                       \          / /                                   \ \          /
                                                                                         \      / /                                       \ \      /
                                                                                           \  / /                                           \ \  /
                                                                                             [ ]                    (   )                    [ ]
											      \ \                                           / /
                                                                                                \ \                                       / /
                                                                                                  \ \                                   / / 
                                                                                                    \ \                               / / 
                                                                                                      \ \                           / / 
                                                                                                        \ \                       / / 
                                                                                                          \ \                   / /
                                                                                                            \ \               / / 
                                                                                                              \ \           / / 
                                                                                                                \ \       / / 
                                                                                                                  \ \   / / 
                                                                                                                     [ ]
                                                                                                                      




























